
> definitivo@0.1.0 build
> next build

  Ôû▓ Next.js 14.2.16
  - Environments: .env.local

   Creating an optimized production build ...
node.exe : Failed to 
compile.
No linha:1 caractere:1
+ & "C:\Program 
Files\nodejs/node.exe" 
"C:\Program 
Files\nodejs/node_mo ...
+ ~~~~~~~~~~~~~~~~~~~~~~~~~
~~~~~~~~~~~~~~~~~~~~~~~~~~~
~~~~~~~~~~~~~~~~~
    + CategoryInfo         
     : NotSpecified: (Fai  
  led to compile.:String   
 ) [], RemoteException
    + FullyQualifiedErrorI 
   d : NativeCommandError
 

./components/superadmin/ges
tao-usuarios.tsx
Module not found: Can't 
resolve 'lucide-material'

https://nextjs.org/docs/mes
sages/module-not-found

Import trace for requested 
module:
./app/(authenticated)/super
admin/usuarios/page.tsx


> Build failed because of 
webpack errors
