components/administrador/grafico-produtividade-usuarios.tsx(452,45): error TS2322: Type '{ key: number; cx: string; cy: string; r: string; fill: string; stroke: string; strokeWidth: string; className: string; title: string; }' is not assignable to type 'SVGProps<SVGCircleElement>'.
  Property 'title' does not exist on type 'SVGProps<SVGCircleElement>'.
components/administrador/grafico-produtividade-usuarios.tsx(492,45): error TS2322: Type '{ key: number; cx: string; cy: string; r: string; fill: string; stroke: string; strokeWidth: string; className: string; title: string; }' is not assignable to type 'SVGProps<SVGCircleElement>'.
  Property 'title' does not exist on type 'SVGProps<SVGCircleElement>'.
components/administrador/nova-solicitacao-admin.tsx(45,7): error TS2353: Object literal may only specify known properties, and 'documento' does not exist in type 'Prestador'.
components/administrador/nova-solicitacao-admin.tsx(94,9): error TS2322: Type 'Prestador | { id: string; nome: string; documento: string; documento2: string; empresa: string; }' is not assignable to type 'Prestador'.
  Object literal may only specify known properties, and 'documento' does not exist in type 'Prestador'.
components/administrador/nova-solicitacao-admin.tsx(94,9): error TS2353: Object literal may only specify known properties, and 'documento' does not exist in type 'Prestador'.
components/administrador/nova-solicitacao-admin.tsx(153,32): error TS2339: Property 'documento' does not exist on type 'Prestador'.
components/administrador/nova-solicitacao-admin.tsx(154,46): error TS2339: Property 'documento' does not exist on type 'Prestador'.
components/administrador/nova-solicitacao-admin.tsx(228,22): error TS2339: Property 'documento' does not exist on type 'Prestador'.
components/administrador/nova-solicitacao-admin.tsx(228,53): error TS2339: Property 'documento2' does not exist on type 'Prestador'.
components/administrador/nova-solicitacao-admin.tsx(289,24): error TS2339: Property 'documento' does not exist on type 'Prestador'.
components/administrador/nova-solicitacao-admin.tsx(290,25): error TS2339: Property 'documento2' does not exist on type 'Prestador'.
components/administrador/nova-solicitacao-admin.tsx(309,9): error TS2322: Type '{ nome: string; documento: any; documento2: any; empresa: string; }[]' is not assignable to type '{ nome: string; doc1: string; doc2?: string | undefined; empresa?: string | undefined; }[]'.
  Property 'doc1' is missing in type '{ nome: string; documento: any; documento2: any; empresa: string; }' but required in type '{ nome: string; doc1: string; doc2?: string | undefined; empresa?: string | undefined; }'.
components/administrador/nova-solicitacao-admin.tsx(325,64): error TS2353: Object literal may only specify known properties, and 'documento' does not exist in type 'Prestador'.
components/administrador/nova-solicitacao-admin.tsx(358,24): error TS2345: Argument of type '{ id: string; nome: string; documento: string; documento2?: string | undefined; empresa?: string | undefined; }[]' is not assignable to parameter of type 'SetStateAction<Prestador[]>'.
  Type '{ id: string; nome: string; documento: string; documento2?: string | undefined; empresa?: string | undefined; }[]' is not assignable to type 'Prestador[]'.
    Property 'doc1' is missing in type '{ id: string; nome: string; documento: string; documento2?: string | undefined; empresa?: string | undefined; }' but required in type 'Prestador'.
components/administrador/nova-solicitacao-admin.tsx(380,32): error TS2339: Property 'documento2' does not exist on type 'Prestador'.
components/administrador/nova-solicitacao-admin.tsx(381,46): error TS2339: Property 'documento2' does not exist on type 'Prestador'.
components/administrador/nova-solicitacao-admin.tsx(429,20): error TS2345: Argument of type '{ id: string; nome: any; documento: any; documento2: any; empresa: any; }[]' is not assignable to parameter of type 'SetStateAction<Prestador[]>'.
  Type '{ id: string; nome: any; documento: any; documento2: any; empresa: any; }[]' is not assignable to type 'Prestador[]'.
    Property 'doc1' is missing in type '{ id: string; nome: any; documento: any; documento2: any; empresa: any; }' but required in type 'Prestador'.
components/administrador/nova-solicitacao-admin.tsx(497,17): error TS2322: Type '{ onUploadCompleto: (totalSalvos: any) => void; }' is not assignable to type 'IntrinsicAttributes'.
  Property 'onUploadCompleto' does not exist on type 'IntrinsicAttributes'.
components/administrador/nova-solicitacao-admin.tsx(497,36): error TS7006: Parameter 'totalSalvos' implicitly has an 'any' type.
components/administrador/nova-solicitacao-admin.tsx(660,46): error TS2339: Property 'documento' does not exist on type 'Prestador'.
components/administrador/nova-solicitacao-admin.tsx(672,46): error TS2339: Property 'documento2' does not exist on type 'Prestador'.
components/administrador/nova-solicitacao-admin.tsx(747,24): error TS2322: Type '"warning"' is not assignable to type '"default" | "destructive" | null | undefined'.
components/administrador/nova-solicitacao-admin.tsx(755,52): error TS2322: Type 'Dispatch<SetStateAction<boolean>>' is not assignable to type '(checked: CheckedState) => void'.
  Types of parameters 'value' and 'checked' are incompatible.
    Type 'CheckedState' is not assignable to type 'SetStateAction<boolean>'.
      Type '"indeterminate"' is not assignable to type 'SetStateAction<boolean>'.
components/administrador/nova-solicitacao-admin.tsx(767,24): error TS2322: Type '"success"' is not assignable to type '"default" | "destructive" | null | undefined'.
components/administrador/nova-solicitacao-admin.tsx(799,9): error TS2322: Type '{ isOpen: boolean; onClose: () => void; solicitante: string; departamento: string; tipoSolicitacao: "checagem_liberacao"; local: string; empresa: string; prestadores: Prestador[]; dataInicial: string; dataFinal: string; onConfirmar: (economias: any[]) => Promise<...>; alertasPrestadores: {}; }' is not assignable to type 'IntrinsicAttributes & ModalPreviaSolicitacaoProps'.
  Property 'alertasPrestadores' does not exist on type 'IntrinsicAttributes & ModalPreviaSolicitacaoProps'.
components/administrador/relatorio-modal.tsx(75,45): error TS7006: Parameter 'p' implicitly has an 'any' type.
components/administrador/relatorio-modal.tsx(141,36): error TS7006: Parameter 'prestador' implicitly has an 'any' type.
components/administrador/relatorio-modal.tsx(191,18): error TS7053: Element implicitly has an 'any' type because expression of type 'any' can't be used to index type '{}'.
components/administrador/relatorio-modal.tsx(192,15): error TS7053: Element implicitly has an 'any' type because expression of type 'any' can't be used to index type '{}'.
components/administrador/relatorio-modal.tsx(201,13): error TS7053: Element implicitly has an 'any' type because expression of type 'any' can't be used to index type '{}'.
components/administrador/relatorio-modal.tsx(202,13): error TS7053: Element implicitly has an 'any' type because expression of type 'any' can't be used to index type '{}'.
components/administrador/relatorio-modal.tsx(203,13): error TS7053: Element implicitly has an 'any' type because expression of type 'any' can't be used to index type '{}'.
components/administrador/relatorio-modal.tsx(214,40): error TS18046: 'dados' is of type 'unknown'.
components/administrador/relatorio-modal.tsx(215,34): error TS18046: 'dados' is of type 'unknown'.
components/administrador/relatorio-modal.tsx(216,37): error TS18046: 'dados' is of type 'unknown'.
components/administrador/relatorio-modal.tsx(221,37): error TS18046: 'dados' is of type 'unknown'.
components/administrador/relatorio-modal.tsx(222,42): error TS18046: 'dados' is of type 'unknown'.
components/administrador/relatorio-modal.tsx(223,42): error TS18046: 'dados' is of type 'unknown'.
components/debug/teste-supabase.tsx(100,53): error TS2339: Property 'status' does not exist on type 'PrestadorHistorico'.
components/login-form.tsx(66,23): error TS2339: Property 'sucesso' does not exist on type '{ usuario: Usuario | null; erro: string; }'.
components/op/gestao-rendicoes.backup.tsx(279,144): error TS2322: Type '{ className: string; title: string; }' is not assignable to type 'IntrinsicAttributes & Omit<LucideProps, "ref"> & RefAttributes<SVGSVGElement>'.
  Property 'title' does not exist on type 'IntrinsicAttributes & Omit<LucideProps, "ref"> & RefAttributes<SVGSVGElement>'.
components/op/gestao-rendicoes.tsx(79,51): error TS2339: Property 'rendicionista_id' does not exist on type 'OpRodizioPausas'.
components/op/gestao-rendicoes.tsx(86,53): error TS2339: Property 'rendicionista_id' does not exist on type 'OpRodizioPausas'.
components/op/gestao-rendicoes.tsx(296,117): error TS2322: Type '{ className: string; title: string; }' is not assignable to type 'IntrinsicAttributes & Omit<LucideProps, "ref"> & RefAttributes<SVGSVGElement>'.
  Property 'title' does not exist on type 'IntrinsicAttributes & Omit<LucideProps, "ref"> & RefAttributes<SVGSVGElement>'.
components/solicitante/upload-foto-lista.tsx(11,23): error TS2307: Cannot find module 'tesseract.js' or its corresponding type declarations.
components/solicitante/upload-foto-lista.tsx(62,29): error TS7006: Parameter 'm' implicitly has an 'any' type.
